[ui8-folio.herokuapp.com/index.html]
[backblue.gif]
[fade.gif]
[index.html]
[ui8-folio.herokuapp.com/img/apple-touch-icon.png]
[ui8-folio.herokuapp.com/img/favicon-32x32.png]
[ui8-folio.herokuapp.com/img/favicon-16x16.png]
[ui8-folio.herokuapp.com/img/site.webmanifest]
[ui8-folio.herokuapp.com/img/twitter-card.jpg]
[ui8-folio.herokuapp.com/img/fb-og-image.jpg]
[ui8-folio.herokuapp.com/css/app.min.css]
[ui8-folio.herokuapp.com/img/content/bg-header.png]
[ui8-folio.herokuapp.com/img/content/bg-main.jpg]
[ui8-folio.herokuapp.com/img/content/main-pic-6.png]
[ui8-folio.herokuapp.com/img/content/main-pic-1.png]
[ui8-folio.herokuapp.com/img/content/main-pic-2.png]
[ui8-folio.herokuapp.com/img/content/main-pic-3.png]
[ui8-folio.herokuapp.com/img/content/main-pic-4.png]
[ui8-folio.herokuapp.com/img/content/main-pic-5.png]
[ui8-folio.herokuapp.com/img/content/main-pic-7.png]
[ui8-folio.herokuapp.com/img/content/figure-1.png]
[ui8-folio.herokuapp.com/img/content/figure-2.png]
[ui8-folio.herokuapp.com/img/content/figure-3.png]
[ui8-folio.herokuapp.com/img/content/cursor.png]
[ui8-folio.herokuapp.com/img/content/hand.png]
[ui8-folio.herokuapp.com/img/content/color-picker.png]
[ui8-folio.herokuapp.com/img/content/work-cube.png]
[ui8-folio.herokuapp.com/img/content/work-cube-1.png]
[ui8-folio.herokuapp.com/img/content/work-cube-2.png]
[ui8-folio.herokuapp.com/img/content/work-cube-3.png]
[ui8-folio.herokuapp.com/img/content/work-cube-4.png]
[ui8-folio.herokuapp.com/img/content/work-cube-5.png]
[ui8-folio.herokuapp.com/img/content/work-cube-6.png]
[ui8-folio.herokuapp.com/img/content/work-cube-7.png]
[ui8-folio.herokuapp.com/case.html]
[ui8-folio.herokuapp.com/img/content/cases-pic-1.jpg]
[ui8-folio.herokuapp.com/img/content/cases-pic-2.jpg]
[ui8-folio.herokuapp.com/img/content/cases-pic-3.jpg]
[ui8-folio.herokuapp.com/img/content/cases-pic-4.jpg]
[ui8-folio.herokuapp.com/img/content/cases-pic-5.jpg]
[ui8-folio.herokuapp.com/img/content/cases-pic-6.jpg]
[ui8-folio.herokuapp.com/img/content/ava-1.jpg]
[ui8-folio.herokuapp.com/img/content/review-cube.png]
[ui8-folio.herokuapp.com/img/content/figures-1.png]
[ui8-folio.herokuapp.com/img/content/figures-2.png]
[ui8-folio.herokuapp.com/img/content/figures-3.png]
[ui8-folio.herokuapp.com/img/content/figures-4.png]
[ui8-folio.herokuapp.com/img/content/figures-5.png]
[ui8-folio.herokuapp.com/img/content/figures-6.png]
[ui8-folio.herokuapp.com/img/content/footer-cube-1.png]
[ui8-folio.herokuapp.com/js/lib/jquery.min.js]
[ui8-folio.herokuapp.com/js/lib/owl.carousel.min.js]
[ui8-folio.herokuapp.com/js/lib/aos.js]
[ui8-folio.herokuapp.com/js/lib/simpleParallax.min.js]
[ui8-folio.herokuapp.com/index.html]
[ui8-folio.herokuapp.com/img/safari-pinned-tab.svg]
[ui8-folio.herokuapp.com/js/app.js]
[ui8-folio.herokuapp.com/img/content/bg-header-mobile.png]
[ui8-folio.herokuapp.com/img/content/bg-footer.png]
[ui8-folio.herokuapp.com/img/content/bg-discover.jpg]
[ui8-folio.herokuapp.com/css/app.min.css]
[ui8-folio.herokuapp.com/img/logo.svg]
[ui8-folio.herokuapp.com/img/logo-white.svg]
[ui8-folio.herokuapp.com/img/scroll.svg]
[ui8-folio.herokuapp.com/img/content/product-pic-1.jpg]
[ui8-folio.herokuapp.com/img/content/product-pic-2.jpg]
[ui8-folio.herokuapp.com/img/content/desc-pic-1.jpg]
[ui8-folio.herokuapp.com/img/content/desc-pic-2.jpg]
[ui8-folio.herokuapp.com/img/content/desc-pic-3.jpg]
[ui8-folio.herokuapp.com/img/content/desc-pic-4.jpg]
[ui8-folio.herokuapp.com/img/content/cases-pic-7.jpg]
[ui8-folio.herokuapp.com/case.html]
[ui8-folio.herokuapp.com/img/logo-empty.svg]
[ui8-folio.herokuapp.com/js/lib/jquery.min.js]
[ui8-folio.herokuapp.com/js/lib/owl.carousel.min.js]
[ui8-folio.herokuapp.com/js/lib/aos.js]
[ui8-folio.herokuapp.com/js/lib/simpleParallax.min.js]
[ui8-folio.herokuapp.com/js/app.js]
[ui8-folio.herokuapp.com/css/owl.video.play.html]
[ui8-folio.herokuapp.com/img/arrow-up-right.svg]
